// Jest Snapshot v1, https://goo.gl/fbAQLP

exports[`renders correctly and equal to snapshot 1`] = `
<div
  className="row justify-content-center"
>
  <div
    className="col-md-6 px-5 mt-4"
  >
    <form
      action="/message/create"
      method="POST"
      onSubmit={[Function]}
    >
      <label
        className="text-primary"
        htmlFor="message-content"
      >
        <strong>
          Whatâ€™s on your mind?
        </strong>
      </label>
      <div
        className="input-group mb-3"
      >
        <input
          autoComplete="off"
          className="form-control text-white border-primary bg-primary"
          id="message-content"
          name="content"
          onChange={[Function]}
          type="text"
          value=""
        />
        <div
          className="input-group-append"
        >
          <input
            className="btn btn-primary"
            type="submit"
            value="Send"
          />
        </div>
      </div>
    </form>
  </div>
</div>
`;
